Renesas Optimizing Linker (V3.05.00 )             05-Oct-2023 16:01:30

*** Options ***

-subcommand=Output\rl78EPL80.clnk
-Input=Output\dMisc.obj
-Input=Output\cstart.obj
-Input=Output\hdwinit.obj
-Input=Output\stkinit.obj
-Input=Output\main.obj
-Input=Output\dDisplay.obj
-Input=Output\AppDisplay.obj
-Input=Output\AppVariables.obj
-Input=Output\dClock.obj
-Input=Output\AppPowerOnInit.obj
-Input=Output\d8bitTimer.obj
-Input=Output\dRtc.obj
-Input=Output\AppMisc.obj
-Input=Output\di2c.obj
-Input=Output\dIOCtrl.obj
-Input=Output\dUart.obj
-Input=Output\d12bitTimer.obj
-Input=Output\dDeltaSigmaADC.obj
-Input=Output\AppOneSecondTask.obj
-Input=Output\AppBilling.obj
-Input=Output\AppMD.obj
-Input=Output\AppScheduleAction.obj
-Input=Output\AppTod.obj
-Input=Output\AppBlockDailyLS.obj
-Input=Output\AppCalibration.obj
-Input=Output\AppCommunication.obj
-Input=Output\AppIntervalkWh.obj
-Input=Output\r_dlms_data.obj
-Input=Output\r_dlms_data_hls.obj
-Input=Output\r_dlms_data_ic.obj
-Input=Output\r_dlms_data_meter.obj
-Input=Output\r_dlms_user_interface.obj
-Input=Output\r_dlms_obis.obj
-Input=Output\r_dlms_obis_ic.obj
-Input=Output\serial.obj
-Input=Output\Timer.obj
-Input=Output\DLMS_User.obj
-Input=Output\AppTampers.obj
-Input=Output\AppBatteryManagement.obj
-Input=Output\dWatchDog.obj
-Input=Output\dVBat.obj
-Input=Output\dLVD.obj
-Input=Output\AppNMTask.obj
-Input=Output\AppProductionProcess.obj
-Input=Output\AppParaLimits.obj
-Input=Output\AppDefaultSet.obj
-Input=Output\dOsd.obj
-Input=Output\AppHarmonics.obj
-Input=Output\dDCImmunity.obj
-Input=Output\dSARAdc.obj
-Input=Output\AppAccessProd.obj
-Input=Output\BootResetVTable.obj
-LIBrary=rlDlms\meter_app\aes\AES_128_EBC_CCRL.lib
-LIBrary=rlDlms\Lib\DLMSLib_RL78_V0.8.9_Common_IndiaSupport_CCRL_V106_AutoNoFar_OptimizeCode.lib
-LIBrary=rlDevice\DCImmunity\ccrl_rl78i1c_sw_dc_detection_only.lib
-SECURITY_ID=00000000000000000000
-DEVICE=C:\Program Files (x86)\Renesas Electronics\CS+\CC\Device\RL78\Devicefile\DR5F11TLG.DVF
-DEBug
-NOCOmpress
-NOOPtimize
-OUtput=DefaultBuild\rl78EPL80.abs
-LIBrary=C:\Program Files (x86)\Renesas Electronics\CS+\CC\CC-RL\V1.12.00\lib\rl78em4s.lib
-LIBrary=C:\Program Files (x86)\Renesas Electronics\CS+\CC\CC-RL\V1.12.00\lib\malloc_n.lib
-LIBrary=C:\Program Files (x86)\Renesas Electronics\CS+\CC\CC-RL\V1.12.00\lib\rl78em4r.lib
-OCDBG=84
-DEBUG_MONITOR
-USER_OPT_BYTE=FE37E2
-LISt=DefaultBuild\rl78EPL80.map
-SHow=SYmbol,Reference,Xreference,Total_size,VECTOR,STRUCT,RELOCATION_ATTRIBUTE
-STARt=.const,.text,.RLIB,.SLIB,.textf,.constf,.data,.sdata/03000,.dataR,.bss/FDF00,.sdataR,.sbss/FFE20
-ROm=.data=.dataR
-ROm=.sdata=.sdataR
-NOMessage
-NOLOgo
-end

*** Error information ***

*** Mapping List ***

SECTION                            START      END         SIZE   ALIGN ATTRIBUTE
.vect
                                  00000000  0000007f        80   0     OTHER
.option_byte
                                  000000c0  000000c3         4   1     OPT_BYTE
.security_id
                                  000000c4  000000cd         a   1     SECUR_ID
.monitor1
                                  000000ce  000000d7         a   1     DATA_AT
DEFAULT_SET_AT400
                                  00000400  00000528       129   1     TEXT_AT
BOOT_VTABLE_AT1000
                                  00001000  00002fff      2000   1     TEXT_AT
.const
                                  00003000  000065bf      35c0   2     CONST
.text
                                  000065c0  00006e39       87a   1     TEXT
.RLIB
                                  00006e3a  0000750f       6d6   1     TEXTF
.SLIB
                                  00007510  0000776b       25c   1     TEXTF
.textf
                                  0000776c  0001f5e7     17e7c   1     TEXTF
.constf
                                  0001f5e8  0001f5e8         0   2     CONSTF
.data
                                  0001f5e8  0001fa37       450   2     DATA
.sdata
                                  0001fa38  0001fa38         0   2     SDATA
.monitor2
                                  0001fe00  0001ffff       200   1     DATA_AT
.dataR
                                  000fdf00  000fe34f       450   2     DATA(R)
.bss
                                  000fe350  000ffbb7      1868   2     BSS
.sdataR
                                  000ffe20  000ffe20         0   2     SDATA(R)
.sbss
                                  000ffe20  000ffe20         0   2     SBSS

*** Total Section Size ***

RAMDATA SECTION:  00001cb8 Byte(s)
ROMDATA SECTION:  00003ca8 Byte(s)
PROGRAM SECTION:  0001b151 Byte(s)

*** Symbol List ***

SECTION=
FILE=                               START        END    SIZE
  SYMBOL                            ADDR        SIZE    INFO      COUNTS  OPT
    STRUCT                                      SIZE
      MEMBER                        ADDR        SIZE    INFO

SECTION=.vect
FILE=rlink_generates_04
                                  00000000  0000007f        80

SECTION=.option_byte
FILE=rlink_generates_01
                                  000000c0  000000c3         4

SECTION=.security_id
FILE=rlink_generates_03
                                  000000c4  000000cd         a

SECTION=.monitor1
FILE=rlink_generates_02
                                  000000ce  000000d7         a

SECTION=DEFAULT_SET_AT400
FILE=Output\AppDefaultSet.obj
                                  00000400  00000528       129
  FLASH_FW_VERSION
                                  00000400         0   none ,l         0
  FLASH_NO_OF_CATEGORY
                                  00000410         0   none ,l         0
  FLASH_PRE_BILL_SINGLE_ACTION
                                  00000411         0   none ,l         0
  FLASH_PASSIVE_SEA_ACT_TIME
                                  00000417         0   none ,l         0
  FLASH_MD_PERIOD
                                  0000041d         0   none ,l         0
  FLASH_LS_PERIOD
                                  00000420         0   none ,l         0
  FLASH_PRE_BILL_DAY_TYPE
                                  00000423         0   none ,l         0
  FLASH_ACTIVE_CAL_NAME
                                  00000426         0   none ,l         0
  FLASH_ACTIVE_SEASON1_ZONE_TIME
                                  0000045d         0   none ,l         0
  FLASH_ACTIVE_SEASON2_ZONE_TIME
                                  00000477         0   none ,l         0
  FLASH_ACTIVE_SEASON_TIME
                                  00000491         0   none ,l         0
  FLASH_PASSIVE_CAL_NAME
                                  00000499         0   none ,l         0
  FLASH_PASSIVE_SEASON1_ZONE_TIME
                                  000004d0         0   none ,l         0
  FLASH_PASSIVE_SEASON2_ZONE_TIME
                                  000004ea         0   none ,l         0
  FLASH_PASSIVE_SEASON_TIME
                                  00000504         0   none ,l         0
  FLASH_DISPLAY_MODE
                                  0000050c         0   none ,l         0
  FLASH_DEFAULT_LLS_KEY
                                  0000050f         0   none ,l         0
  FLASH_DEFAULT_HLS_KEY
                                  00000518         0   none ,l         0

SECTION=BOOT_VTABLE_AT1000
FILE=Output\BootResetVTable.obj
                                  00001000  00002fff      2000

SECTION=.const
FILE=Output\AppDisplay.obj
                                  00003000  00004049      104a
  _lcdParamIDBuff0
                                  00003000       252   data ,g         2
  _lcdParamIDBuff1
                                  00003252       264   data ,g         1
  _txtmsg
                                  000034b6       310   data ,g        12
  _disp
                                  000037c6       87a   data ,g         4
    struct lcdmap {
                                                   e
      _disp.Data
                                  000037c6         4   [near pointer]
      _disp.eep_addr
                                  000037c8         1   unsigned char
      _disp.digits
                                  000037c9         1   unsigned char
      _disp.offset
                                  000037ca         1   unsigned char
      _disp.modifier
                                  000037cb         1   unsigned char
      _disp.divisor
                                  000037cc         1   unsigned char
      _disp.symbol1
                                  000037cd         1   unsigned char
      _disp.symbol2
                                  000037ce         1   unsigned char
      _disp.symbol3
                                  000037cf         1   unsigned char
      _disp.id
                                  000037d0         1   unsigned char
      _disp.txtid
                                  000037d1         1   unsigned char
      _disp.time
                                  000037d2         1   unsigned char
      _disp.startdigit
                                  000037d3         1   unsigned char
    }
  _digit
                                  00004040         a   data ,g         3
FILE=Output\AppMisc.obj
                                  0000404a  00004075        2c
  _SEASON_LOC
                                  0000404a         8   data ,g         0
FILE=Output\di2c.obj
                                  00004076  00004079         4
FILE=Output\dUart.obj
                                  0000407a  000040b3        3a
  _bleSr
                                  0000407a         7   data ,g         1
FILE=Output\AppBlockDailyLS.obj
                                  000040b4  000040b7         4
  _gbltotaldays
                                  000040b4         4   data ,g         7
FILE=Output\AppCommunication.obj
                                  000040b8  000040d3        1c
FILE=Output\r_dlms_data.obj
                                  000040d4  000042b1       1de
  _g_Class07_InstScalerBuffer
                                  000040d4        26   data ,g         1
    struct tag_scaler_unit_t {
                                                   2
      _g_Class07_InstScalerBuffer.scaler
                                  000040d4         1   signed char
      _g_Class07_InstScalerBuffer.unit
                                  000040d5         1   enum tag_physical_unit_t
    }
  _g_Class07_BlockloadScalerBuffer
                                  000040fa        14   data ,g         1
    struct tag_scaler_unit_t {
                                                   2
      _g_Class07_BlockloadScalerBuffer.scaler
                                  000040fa         1   signed char
      _g_Class07_BlockloadScalerBuffer.unit
                                  000040fb         1   enum tag_physical_unit_t
    }
  _g_Class07_DailyloadScalerBuffer
                                  0000410e         c   data ,g         1
    struct tag_scaler_unit_t {
                                                   2
      _g_Class07_DailyloadScalerBuffer.scaler
                                  0000410e         1   signed char
      _g_Class07_DailyloadScalerBuffer.unit
                                  0000410f         1   enum tag_physical_unit_t
    }
  _g_Class07_BillingScalerBuffer
                                  0000411a        50   data ,g         1
    struct tag_scaler_unit_t {
                                                   2
      _g_Class07_BillingScalerBuffer.scaler
                                  0000411a         1   signed char
      _g_Class07_BillingScalerBuffer.unit
                                  0000411b         1   enum tag_physical_unit_t
    }
  _g_Class07_Event0ScalerBuffer
                                  0000416a         c   data ,g         1
    struct tag_scaler_unit_t {
                                                   2
      _g_Class07_Event0ScalerBuffer.scaler
                                  0000416a         1   signed char
      _g_Class07_Event0ScalerBuffer.unit
                                  0000416b         1   enum tag_physical_unit_t
    }
FILE=Output\r_dlms_data_ic.obj
                                  000042b2  000058b5      1604
  _g_AccessRightTable
                                  000042b2        b4   data ,g        73
    struct tag_access_right_t {
                                                   6
      _g_AccessRightTable.attributes
                                  000042b2         4   unsigned long
      _g_AccessRightTable.methods
                                  000042b6         2   unsigned short
    }
  _g_Class01_Dailyload_interval
                                  00004366         4   data ,g         1
  _g_ChildTableClass01
                                  0000436a       1c2   data ,g         5
    struct tag_class01_child_record_t {
                                                  12
      _g_ChildTableClass01.logical_name
                                  0000436a         6   unsigned char
      _g_ChildTableClass01.p_access_right
                                  00004370         4   [near pointer]
      _g_ChildTableClass01.value
                                  00004372         a
    struct tag_dyn_value_t {
                                                   a
      _g_ChildTableClass01.value.choice
                                  00004372         2
    struct tag_choice_t {
                                                   2
      _g_ChildTableClass01.value.choice.type
                                  00004372         1   enum tag_attr_type_t
      _g_ChildTableClass01.value.choice.size
                                  00004373         1   signed char
    }
      _g_ChildTableClass01.value.buffer
                                  00004374         4   [near pointer]
      _g_ChildTableClass01.value.access
                                  00004376         6
    struct tag_attr_access_t {
                                                   6
      _g_ChildTableClass01.value.access.method
                                  00004376         1   enum tag_attr_access_method_t
      _g_ChildTableClass01.value.access.addr
                                  00004378         2   unsigned short
      _g_ChildTableClass01.value.access.size
                                  0000437a         2   unsigned short
    }
    }
    }
  _g_ChildTableLengthClass01
                                  0000452c         2   data ,g         2
  _g_ChildTableClass03
                                  0000452e       398   data ,g         4
    struct tag_class03_child_record_t {
                                                  14
      _g_ChildTableClass03.logical_name
                                  0000452e         6   unsigned char
      _g_ChildTableClass03.p_access_right
                                  00004534         4   [near pointer]
      _g_ChildTableClass03.value
                                  00004536         a
    struct tag_dyn_value_t {
                                                   a
      _g_ChildTableClass03.value.choice
                                  00004536         2
    struct tag_choice_t {
                                                   2
      _g_ChildTableClass03.value.choice.type
                                  00004536         1   enum tag_attr_type_t
      _g_ChildTableClass03.value.choice.size
                                  00004537         1   signed char
    }
      _g_ChildTableClass03.value.buffer
                                  00004538         4   [near pointer]
      _g_ChildTableClass03.value.access
                                  0000453a         6
    struct tag_attr_access_t {
                                                   6
      _g_ChildTableClass03.value.access.method
                                  0000453a         1   enum tag_attr_access_method_t
      _g_ChildTableClass03.value.access.addr
                                  0000453c         2   unsigned short
      _g_ChildTableClass03.value.access.size
                                  0000453e         2   unsigned short
    }
    }
      _g_ChildTableClass03.scaler_unit
                                  00004540         2
    struct tag_scaler_unit_t {
                                                   2
      _g_ChildTableClass03.scaler_unit.scaler
                                  00004540         1   signed char
      _g_ChildTableClass03.scaler_unit.unit
                                  00004541         1   enum tag_physical_unit_t
    }
    }
  _g_ChildTableLengthClass03
                                  000048c6         2   data ,g         2
  _g_Class04_ActiveMDStatus
                                  000048c8         3   data ,g        11
  _g_Class04_ApparentMDStatus
                                  000048cb         3   data ,g         1
  _g_ChildTableClass04
                                  000048ce       2d0   data ,g         4
    struct tag_class04_child_record_t {
                                                  28
      _g_ChildTableClass04.logical_name
                                  000048ce         6   unsigned char
      _g_ChildTableClass04.p_access_right
                                  000048d4         4   [near pointer]
      _g_ChildTableClass04.value
                                  000048d6         a
    struct tag_dyn_value_t {
                                                   a
      _g_ChildTableClass04.value.choice
                                  000048d6         2
    struct tag_choice_t {
                                                   2
      _g_ChildTableClass04.value.choice.type
                                  000048d6         1   enum tag_attr_type_t
      _g_ChildTableClass04.value.choice.size
                                  000048d7         1   signed char
    }
      _g_ChildTableClass04.value.buffer
                                  000048d8         4   [near pointer]
      _g_ChildTableClass04.value.access
                                  000048da         6
    struct tag_attr_access_t {
                                                   6
      _g_ChildTableClass04.value.access.method
                                  000048da         1   enum tag_attr_access_method_t
      _g_ChildTableClass04.value.access.addr
                                  000048dc         2   unsigned short
      _g_ChildTableClass04.value.access.size
                                  000048de         2   unsigned short
    }
    }
      _g_ChildTableClass04.scaler_unit
                                  000048e0         2
    struct tag_scaler_unit_t {
                                                   2
      _g_ChildTableClass04.scaler_unit.scaler
                                  000048e0         1   signed char
      _g_ChildTableClass04.scaler_unit.unit
                                  000048e1         1   enum tag_physical_unit_t
    }
      _g_ChildTableClass04.status
                                  000048e2         a
    struct tag_dyn_value_t {
                                                   a
      _g_ChildTableClass04.status.choice
                                  000048e2         2
    struct tag_choice_t {
                                                   2
      _g_ChildTableClass04.status.choice.type
                                  000048e2         1   enum tag_attr_type_t
      _g_ChildTableClass04.status.choice.size
                                  000048e3         1   signed char
    }
      _g_ChildTableClass04.status.buffer
                                  000048e4         4   [near pointer]
      _g_ChildTableClass04.status.access
                                  000048e6         6
    struct tag_attr_access_t {
                                                   6
      _g_ChildTableClass04.status.access.method
                                  000048e6         1   enum tag_attr_access_method_t
      _g_ChildTableClass04.status.access.addr
                                  000048e8         2   unsigned short
      _g_ChildTableClass04.status.access.size
                                  000048ea         2   unsigned short
    }
    }
      _g_ChildTableClass04.capture_time
                                  000048ec         a
    struct tag_dyn_value_t {
                                                   a
      _g_ChildTableClass04.capture_time.choice
                                  000048ec         2
    struct tag_choice_t {
                                                   2
      _g_ChildTableClass04.capture_time.choice.type
                                  000048ec         1   enum tag_attr_type_t
      _g_ChildTableClass04.capture_time.choice.size
                                  000048ed         1   signed char
    }
      _g_ChildTableClass04.capture_time.buffer
                                  000048ee         4   [near pointer]
      _g_ChildTableClass04.capture_time.access
                                  000048f0         6
    struct tag_attr_access_t {
                                                   6
      _g_ChildTableClass04.capture_time.access.method
                                  000048f0         1   enum tag_attr_access_method_t
      _g_ChildTableClass04.capture_time.access.addr
                                  000048f2         2   unsigned short
      _g_ChildTableClass04.capture_time.access.size
                                  000048f4         2   unsigned short
    }
    }
    }
  _g_ChildTableLengthClass04
                                  00004b9e         2   data ,g         2
  _g_Class07_SortObject
                                  00004ba0         c   data ,g        10
    struct tag_class07_capture_object_t {
                                                   c
      _g_Class07_SortObject.logical_name
                                  00004ba0         6   unsigned char
      _g_Class07_SortObject.class_id
                                  00004ba6         2   unsigned short
      _g_Class07_SortObject.attr_id
                                  00004ba8         2   unsigned short
      _g_Class07_SortObject.data_id
                                  00004baa         2   unsigned short
    }
  _g_Class07_SortMethod
                                  00004bac         1   data ,g        10
  _g_Class07_NoCapturePeriod
                                  00004bae         4   data ,g         e
  _g_Class07_FixCurrentEntry
                                  00004bb2         2   data ,g         7
  _g_Class07_UniqueEntries
                                  00004bb4         4   data ,g         e
  _g_Class07_InstCaptureObjects
                                  00004bb8       108   data ,g         1
    struct tag_class07_capture_object_t {
                                                   c
      _g_Class07_InstCaptureObjects.logical_name
                                  00004bb8         6   unsigned char
      _g_Class07_InstCaptureObjects.class_id
                                  00004bbe         2   unsigned short
      _g_Class07_InstCaptureObjects.attr_id
                                  00004bc0         2   unsigned short
      _g_Class07_InstCaptureObjects.data_id
                                  00004bc2         2   unsigned short
    }
  _g_Class07_InstCaptureObjectsLength
                                  00004cc0         2   data ,g         1
  _PARA_RAM_SIZE_INSTANT
                                  00004cc2        16   data ,g         1
  _g_Class07_InstCaptureObjects_Scaler
                                  00004cd8        a8   data ,g         1
    struct tag_class07_capture_object_t {
                                                   c
      _g_Class07_InstCaptureObjects_Scaler.logical_name
                                  00004cd8         6   unsigned char
      _g_Class07_InstCaptureObjects_Scaler.class_id
                                  00004cde         2   unsigned short
      _g_Class07_InstCaptureObjects_Scaler.attr_id
                                  00004ce0         2   unsigned short
      _g_Class07_InstCaptureObjects_Scaler.data_id
                                  00004ce2         2   unsigned short
    }
  _g_Class07_InstCaptureObjectsLength_Scaler
                                  00004d80         2   data ,g         1
  _g_Class07_BlockloadCaptureObjects
                                  00004d82        84   data ,g         1
    struct tag_class07_capture_object_t {
                                                   c
      _g_Class07_BlockloadCaptureObjects.logical_name
                                  00004d82         6   unsigned char
      _g_Class07_BlockloadCaptureObjects.class_id
                                  00004d88         2   unsigned short
      _g_Class07_BlockloadCaptureObjects.attr_id
                                  00004d8a         2   unsigned short
      _g_Class07_BlockloadCaptureObjects.data_id
                                  00004d8c         2   unsigned short
    }
  _g_Class07_BlockloadCaptureObjectsLength
                                  00004e06         2   data ,g         1
  _PARA_RAM_SIZE_BLOCKLOAD
                                  00004e08         b   data ,g         1
  _g_Class07_BlockloadCaptureObjects_Scaler
                                  00004e14        78   data ,g         1
    struct tag_class07_capture_object_t {
                                                   c
      _g_Class07_BlockloadCaptureObjects_Scaler.logical_name
                                  00004e14         6   unsigned char
      _g_Class07_BlockloadCaptureObjects_Scaler.class_id
                                  00004e1a         2   unsigned short
      _g_Class07_BlockloadCaptureObjects_Scaler.attr_id
                                  00004e1c         2   unsigned short
      _g_Class07_BlockloadCaptureObjects_Scaler.data_id
                                  00004e1e         2   unsigned short
    }
  _g_Class07_BlockloadCaptureObjectsLength_Scaler
                                  00004e8c         2   data ,g         1
  _g_Class07_Blockload_MaxEntries
                                  00004e8e         4   data ,g         1
  _g_Class07_DailyloadCaptureObjects
                                  00004e92        54   data ,g         1
    struct tag_class07_capture_object_t {
                                                   c
      _g_Class07_DailyloadCaptureObjects.logical_name
                                  00004e92         6   unsigned char
      _g_Class07_DailyloadCaptureObjects.class_id
                                  00004e98         2   unsigned short
      _g_Class07_DailyloadCaptureObjects.attr_id
                                  00004e9a         2   unsigned short
      _g_Class07_DailyloadCaptureObjects.data_id
                                  00004e9c         2   unsigned short
    }
  _g_Class07_DailyloadCaptureObjectsLength
                                  00004ee6         2   data ,g         1
  _PARA_RAM_SIZE_DAILYLOAD
                                  00004ee8         7   data ,g         1
  _g_Class07_DailyloadCaptureObjects_Scaler
                                  00004ef0        48   data ,g         1
    struct tag_class07_capture_object_t {
                                                   c
      _g_Class07_DailyloadCaptureObjects_Scaler.logical_name
                                  00004ef0         6   unsigned char
      _g_Class07_DailyloadCaptureObjects_Scaler.class_id
                                  00004ef6         2   unsigned short
      _g_Class07_DailyloadCaptureObjects_Scaler.attr_id
                                  00004ef8         2   unsigned short
      _g_Class07_DailyloadCaptureObjects_Scaler.data_id
                                  00004efa         2   unsigned short
    }
  _g_Class07_DailyloadCaptureObjectsLength_Scaler
                                  00004f38         2   data ,g         1
  _g_Class07_Dailyload_CapturePeriod
                                  00004f3a         4   data ,g         1
  _g_Class07_Dailyload_MaxEntries
                                  00004f3e         4   data ,g         1
  _g_Class07_BillingCaptureObjects
                                  00004f42       2c4   data ,g         1
    struct tag_class07_capture_object_t {
                                                   c
      _g_Class07_BillingCaptureObjects.logical_name
                                  00004f42         6   unsigned char
      _g_Class07_BillingCaptureObjects.class_id
                                  00004f48         2   unsigned short
      _g_Class07_BillingCaptureObjects.attr_id
                                  00004f4a         2   unsigned short
      _g_Class07_BillingCaptureObjects.data_id
                                  00004f4c         2   unsigned short
    }
  _g_Class07_BillingCaptureObjectsLength
                                  00005206         2   data ,g         1
  _PARA_RAM_SIZE_BILLING
                                  00005208        3b   data ,g         1
  _g_Class07_BillingCaptureObjects_Scaler
                                  00005244       1e0   data ,g         1
    struct tag_class07_capture_object_t {
                                                   c
      _g_Class07_BillingCaptureObjects_Scaler.logical_name
                                  00005244         6   unsigned char
      _g_Class07_BillingCaptureObjects_Scaler.class_id
                                  0000524a         2   unsigned short
      _g_Class07_BillingCaptureObjects_Scaler.attr_id
                                  0000524c         2   unsigned short
      _g_Class07_BillingCaptureObjects_Scaler.data_id
                                  0000524e         2   unsigned short
    }
  _g_Class07_BillingCaptureObjectsLength_Scaler
                                  00005424         2   data ,g         1
  _g_Class07_Billing_MaxEntries
                                  00005426         4   data ,g         1
  _g_Class07_Event0CaptureObjects
                                  0000542a        60   data ,g         4
    struct tag_class07_capture_object_t {
                                                   c
      _g_Class07_Event0CaptureObjects.logical_name
                                  0000542a         6   unsigned char
      _g_Class07_Event0CaptureObjects.class_id
                                  00005430         2   unsigned short
      _g_Class07_Event0CaptureObjects.attr_id
                                  00005432         2   unsigned short
      _g_Class07_Event0CaptureObjects.data_id
                                  00005434         2   unsigned short
    }
  _g_Class07_Event1CaptureObjects
                                  0000548a        18   data ,g         2
    struct tag_class07_capture_object_t {
                                                   c
      _g_Class07_Event1CaptureObjects.logical_name
                                  0000548a         6   unsigned char
      _g_Class07_Event1CaptureObjects.class_id
                                  00005490         2   unsigned short
      _g_Class07_Event1CaptureObjects.attr_id
                                  00005492         2   unsigned short
      _g_Class07_Event1CaptureObjects.data_id
                                  00005494         2   unsigned short
    }
  _g_Class07_Event0CaptureObjectsLength
                                  000054a2         2   data ,g         3
  _g_Class07_Event1CaptureObjectsLength
                                  000054a4         2   data ,g         3
  _PARA_RAM_SIZE_EVENT
                                  000054a6         8   data ,g         1
  _g_Class07_Event0CaptureObjects_Scaler
                                  000054ae        48   data ,g         1
    struct tag_class07_capture_object_t {
                                                   c
      _g_Class07_Event0CaptureObjects_Scaler.logical_name
                                  000054ae         6   unsigned char
      _g_Class07_Event0CaptureObjects_Scaler.class_id
                                  000054b4         2   unsigned short
      _g_Class07_Event0CaptureObjects_Scaler.attr_id
                                  000054b6         2   unsigned short
      _g_Class07_Event0CaptureObjects_Scaler.data_id
                                  000054b8         2   unsigned short
    }
  _g_Class07_Event0CaptureObjectsLength_Scaler
                                  000054f6         2   data ,g         1
  _g_Class07_Event0_MaxEntries
                                  000054f8         4   data ,g         0
  _g_Class07_Event1_MaxEntries
                                  000054fc         4   data ,g         0
  _g_Class07_Event2_MaxEntries
                                  00005500         4   data ,g         0
  _g_Class07_Event3_MaxEntries
                                  00005504         4   data ,g         0
  _g_Class07_Event4_MaxEntries
                                  00005508         4   data ,g         0
  _g_Class07_NamePlateCaptureObjects
                                  0000550c        6c   data ,g         1
    struct tag_class07_capture_object_t {
                                                   c
      _g_Class07_NamePlateCaptureObjects.logical_name
                                  0000550c         6   unsigned char
      _g_Class07_NamePlateCaptureObjects.class_id
                                  00005512         2   unsigned short
      _g_Class07_NamePlateCaptureObjects.attr_id
                                  00005514         2   unsigned short
      _g_Class07_NamePlateCaptureObjects.data_id
                                  00005516         2   unsigned short
    }
  _g_Class07_NamePlateCaptureObjectsLength
                                  00005578         2   data ,g         1
  _g_ChildTableClass07
                                  0000557a       180   data ,g         4
    struct tag_class07_child_record_t {
                                                  18
      _g_ChildTableClass07.logical_name
                                  0000557a         6   unsigned char
      _g_ChildTableClass07.p_access_right
                                  00005580         4   [near pointer]
      _g_ChildTableClass07.p_buff
                                  00005582         4   [near pointer]
      _g_ChildTableClass07.p_capture_objects
                                  00005584         4   [near pointer]
      _g_ChildTableClass07.p_capture_obj_length
                                  00005586         4   [near pointer]
      _g_ChildTableClass07.p_capture_period
                                  00005588         4   [near pointer]
      _g_ChildTableClass07.p_sort_method
                                  0000558a         4   [near pointer]
      _g_ChildTableClass07.p_sort_object
                                  0000558c         4   [near pointer]
      _g_ChildTableClass07.p_entries_in_use
                                  0000558e         4   [near pointer]
      _g_ChildTableClass07.p_profile_entries
                                  00005590         4   [near pointer]
    }
  _g_ChildTableLengthClass07
                                  000056fa         2   data ,g         1
  _g_Class08_RTC_DaylightSavingsBegin
                                  000056fc         c   data ,g         1
    struct tag_date_time_t {
                                                   c
      _g_Class08_RTC_DaylightSavingsBegin.year_high
                                  000056fc         1   unsigned char
      _g_Class08_RTC_DaylightSavingsBegin.year_low
                                  000056fd         1   unsigned char
      _g_Class08_RTC_DaylightSavingsBegin.month
                                  000056fe         1   unsigned char
      _g_Class08_RTC_DaylightSavingsBegin.day_of_month
                                  000056ff         1   unsigned char
      _g_Class08_RTC_DaylightSavingsBegin.day_of_week
                                  00005700         1   unsigned char
      _g_Class08_RTC_DaylightSavingsBegin.hour
                                  00005701         1   unsigned char
      _g_Class08_RTC_DaylightSavingsBegin.minute
                                  00005702         1   unsigned char
      _g_Class08_RTC_DaylightSavingsBegin.second
                                  00005703         1   unsigned char
      _g_Class08_RTC_DaylightSavingsBegin.hundredths
                                  00005704         1   unsigned char
      _g_Class08_RTC_DaylightSavingsBegin.deviation_high
                                  00005705         1   unsigned char
      _g_Class08_RTC_DaylightSavingsBegin.deviation_low
                                  00005706         1   unsigned char
      _g_Class08_RTC_DaylightSavingsBegin.clock_status
                                  00005707         1   unsigned char
    }
  _g_Class08_RTC_DaylightSavingsEnd
                                  00005708         c   data ,g         1
    struct tag_date_time_t {
                                                   c
      _g_Class08_RTC_DaylightSavingsEnd.year_high
                                  00005708         1   unsigned char
      _g_Class08_RTC_DaylightSavingsEnd.year_low
                                  00005709         1   unsigned char
      _g_Class08_RTC_DaylightSavingsEnd.month
                                  0000570a         1   unsigned char
      _g_Class08_RTC_DaylightSavingsEnd.day_of_month
                                  0000570b         1   unsigned char
      _g_Class08_RTC_DaylightSavingsEnd.day_of_week
                                  0000570c         1   unsigned char
      _g_Class08_RTC_DaylightSavingsEnd.hour
                                  0000570d         1   unsigned char
      _g_Class08_RTC_DaylightSavingsEnd.minute
                                  0000570e         1   unsigned char
      _g_Class08_RTC_DaylightSavingsEnd.second
                                  0000570f         1   unsigned char
      _g_Class08_RTC_DaylightSavingsEnd.hundredths
                                  00005710         1   unsigned char
      _g_Class08_RTC_DaylightSavingsEnd.deviation_high
                                  00005711         1   unsigned char
      _g_Class08_RTC_DaylightSavingsEnd.deviation_low
                                  00005712         1   unsigned char
      _g_Class08_RTC_DaylightSavingsEnd.clock_status
                                  00005713         1   unsigned char
    }
  _g_Class08_RTC_DaylightSavingsDeviation
                                  00005714         1   data ,g         1
  _g_Class08_RTC_DaylightSavingsEnabled
                                  00005715         1   data ,g         1
  _g_Class08_RTC_ClockBase
                                  00005716         1   data ,g         1
  _g_ChildTableClass08
                                  00005718        28   data ,g         1
    struct tag_class08_child_record_t {
                                                  28
      _g_ChildTableClass08.logical_name
                                  00005718         6   unsigned char
      _g_ChildTableClass08.p_access_right
                                  0000571e         4   [near pointer]
      _g_ChildTableClass08.time
                                  00005720         a
    struct tag_dyn_value_t {
                                                   a
      _g_ChildTableClass08.time.choice
                                  00005720         2
    struct tag_choice_t {
                                                   2
      _g_ChildTableClass08.time.choice.type
                                  00005720         1   enum tag_attr_type_t
      _g_ChildTableClass08.time.choice.size
                                  00005721         1   signed char
    }
      _g_ChildTableClass08.time.buffer
                                  00005722         4   [near pointer]
      _g_ChildTableClass08.time.access
                                  00005724         6
    struct tag_attr_access_t {
                                                   6
      _g_ChildTableClass08.time.access.method
                                  00005724         1   enum tag_attr_access_method_t
      _g_ChildTableClass08.time.access.addr
                                  00005726         2   unsigned short
      _g_ChildTableClass08.time.access.size
                                  00005728         2   unsigned short
    }
    }
      _g_ChildTableClass08.p_time_zone
                                  0000572a         4   [near pointer]
      _g_ChildTableClass08.status
                                  0000572c         a
    struct tag_dyn_value_t {
                                                   a
      _g_ChildTableClass08.status.choice
                                  0000572c         2
    struct tag_choice_t {
                                                   2
      _g_ChildTableClass08.status.choice.type
                                  0000572c         1   enum tag_attr_type_t
      _g_ChildTableClass08.status.choice.size
                                  0000572d         1   signed char
    }
      _g_ChildTableClass08.status.buffer
                                  0000572e         4   [near pointer]
      _g_ChildTableClass08.status.access
                                  00005730         6
    struct tag_attr_access_t {
                                                   6
      _g_ChildTableClass08.status.access.method
                                  00005730         1   enum tag_attr_access_method_t
      _g_ChildTableClass08.status.access.addr
                                  00005732         2   unsigned short
      _g_ChildTableClass08.status.access.size
                                  00005734         2   unsigned short
    }
    }
      _g_ChildTableClass08.p_daylight_savings_begin
                                  00005736         4   [near pointer]
      _g_ChildTableClass08.p_daylight_savings_end
                                  00005738         4   [near pointer]
      _g_ChildTableClass08.p_daylight_savings_deviation
                                  0000573a         4   [near pointer]
      _g_ChildTableClass08.p_daylight_savings_enabled
                                  0000573c         4   [near pointer]
      _g_ChildTableClass08.p_clock_base
                                  0000573e         4   [near pointer]
    }
  _g_ChildTableLengthClass08
                                  00005740         2   data ,g         1
  _secret0
                                  00005742         1   data ,g         1
  _g_ChildTableClass15
                                  00005744        54   data ,g        18
    struct tag_class15_child_record_t {
                                                  1c
      _g_ChildTableClass15.logical_name
                                  00005744         6   unsigned char
      _g_ChildTableClass15.p_access_right
                                  0000574a         4   [near pointer]
      _g_ChildTableClass15.partners_id
                                  0000574c         4
    struct tag_associated_partners_t {
                                                   4
      _g_ChildTableClass15.partners_id.client_SAP
                                  0000574c         1   signed char
      _g_ChildTableClass15.partners_id.server_SAP
                                  0000574e         2   unsigned short
    }
      _g_ChildTableClass15.context_id
                                  00005750         1   unsigned char
      _g_ChildTableClass15.mechanism_id
                                  00005751         1   unsigned char
      _g_ChildTableClass15.conformance
                                  00005752         3
    union  tag_conformance_t {
                                                   3
      _g_ChildTableClass15.conformance.bytes
                                  00005752         3
    struct  {
                                                   3
      _g_ChildTableClass15.conformance.bytes.bytes0
                                  00005752         1   unsigned char
      _g_ChildTableClass15.conformance.bytes.bytes1
                                  00005753         1   unsigned char
      _g_ChildTableClass15.conformance.bytes.bytes2
                                  00005754         1   unsigned char
    }
      _g_ChildTableClass15.conformance.bits
                                  00005752         3
    struct  {
                                                   3
      _g_ChildTableClass15.conformance.bits.reserved4
                                  00005752         1   unsigned char:1(7)
      _g_ChildTableClass15.conformance.bits.reserved3
                                  00005752         1   unsigned char:1(6)
      _g_ChildTableClass15.conformance.bits.unconfirmed_write
                                  00005752         1   unsigned char:1(5)
      _g_ChildTableClass15.conformance.bits.write
                                  00005752         1   unsigned char:1(4)
      _g_ChildTableClass15.conformance.bits.read
                                  00005752         1   unsigned char:1(3)
      _g_ChildTableClass15.conformance.bits.reserved2
                                  00005752         1   unsigned char:1(2)
      _g_ChildTableClass15.conformance.bits.reserved1
                                  00005752         1   unsigned char:1(1)
      _g_ChildTableClass15.conformance.bits.reserved0
                                  00005752         1   unsigned char:1(0)
      _g_ChildTableClass15.conformance.bits.information_report
                                  00005753         1   unsigned char:1(7)
      _g_ChildTableClass15.conformance.bits.multiple_references
                                  00005753         1   unsigned char:1(6)
      _g_ChildTableClass15.conformance.bits.block_transfer_with_action
                                  00005753         1   unsigned char:1(5)
      _g_ChildTableClass15.conformance.bits.block_transfer_with_set
                                  00005753         1   unsigned char:1(4)
      _g_ChildTableClass15.conformance.bits.block_transfer_with_get
                                  00005753         1   unsigned char:1(3)
      _g_ChildTableClass15.conformance.bits.attribute0_supported_with_get
                                  00005753         1   unsigned char:1(2)
      _g_ChildTableClass15.conformance.bits.priority_mgmt_supported
                                  00005753         1   unsigned char:1(1)
      _g_ChildTableClass15.conformance.bits.attribute0_supported_with_set
                                  00005753         1   unsigned char:1(0)
      _g_ChildTableClass15.conformance.bits.action
                                  00005754         1   unsigned char:1(7)
      _g_ChildTableClass15.conformance.bits.event_notification
                                  00005754         1   unsigned char:1(6)
      _g_ChildTableClass15.conformance.bits.selective_access
                                  00005754         1   unsigned char:1(5)
      _g_ChildTableClass15.conformance.bits.set
                                  00005754         1   unsigned char:1(4)
      _g_ChildTableClass15.conformance.bits.get
                                  00005754         1   unsigned char:1(3)
      _g_ChildTableClass15.conformance.bits.parameterized_access
                                  00005754         1   unsigned char:1(2)
      _g_ChildTableClass15.conformance.bits.reserved6
                                  00005754         1   unsigned char:1(1)
      _g_ChildTableClass15.conformance.bits.reserved5
                                  00005754         1   unsigned char:1(0)
    }
    }
      _g_ChildTableClass15.dlms_version
                                  00005755         1   unsigned char
      _g_ChildTableClass15.p_secret_key
                                  00005756         4   [near pointer]
      _g_ChildTableClass15.p_shared_key
                                  00005758         4   [near pointer]
      _g_ChildTableClass15.p_status
                                  0000575a         4   [near pointer]
      _g_ChildTableClass15.p_authen_status
                                  0000575c         4   [near pointer]
      _g_ChildTableClass15.p_security_setup_ref
                                  0000575e         4   [near pointer]
    }
  _g_ChildTableLengthClass15
                                  000057aa         2   data ,g         4
  _g_LDN_name1
                                  000057ac         7   data ,g         1
  _g_LDN_name2
                                  000057b3         9   data ,g         1
  _g_LDN_name3
                                  000057bc         9   data ,g         1
  _g_Class17_SAP_lists
                                  000057c6        12   data ,g         1
    struct tag_asslist_entry_t {
                                                   6
      _g_Class17_SAP_lists.sap
                                  000057c6         2   unsigned short
      _g_Class17_SAP_lists.logical_device_name
                                  000057c8         4
    struct tag_value_t {
                                                   4
      _g_Class17_SAP_lists.logical_device_name.choice
                                  000057c8         2
    struct tag_choice_t {
                                                   2
      _g_Class17_SAP_lists.logical_device_name.choice.type
                                  000057c8         1   enum tag_attr_type_t
      _g_Class17_SAP_lists.logical_device_name.choice.size
                                  000057c9         1   signed char
    }
      _g_Class17_SAP_lists.logical_device_name.buffer
                                  000057ca         4   [near pointer]
    }
    }
  _g_ChildTableClass17
                                  000057d8         c   data ,g         1
    struct tag_class17_child_record_t {
                                                   c
      _g_ChildTableClass17.logical_name
                                  000057d8         6   unsigned char
      _g_ChildTableClass17.p_access_right
                                  000057de         4   [near pointer]
      _g_ChildTableClass17.p_sap_assignment
                                  000057e0         4   [near pointer]
      _g_ChildTableClass17.nr_sap_assignment
                                  000057e2         1   unsigned char
    }
  _g_ChildTableLengthClass17
                                  000057e4         2   data ,g         1
  _g_Class20_calendar_active_len
                                  000057e6         1   data ,g         1
  _g_Class20_calendar_passive_len
                                  000057e7         1   data ,g         1
  _g_ChildTableClass20
                                  000057e8        2a   data ,g         1
    struct tag_class20_child_record_t {
                                                  2a
      _g_ChildTableClass20.logical_name
                                  000057e8         6   unsigned char
      _g_ChildTableClass20.p_access_right
                                  000057ee         4   [near pointer]
      _g_ChildTableClass20.p_calendar_name_active
                                  000057f0         4   [near pointer]
      _g_ChildTableClass20.p_calendar_name_active_len
                                  000057f2         4   [near pointer]
      _g_ChildTableClass20.p_season_profile_active
                                  000057f4         4   [near pointer]
      _g_ChildTableClass20.nr_season_profile_active
                                  000057f6         1   unsigned char
      _g_ChildTableClass20.p_week_profile_active
                                  000057f8         4   [near pointer]
      _g_ChildTableClass20.nr_week_profile_active
                                  000057fa         1   unsigned char
      _g_ChildTableClass20.p_day_profile_active
                                  000057fc         4   [near pointer]
      _g_ChildTableClass20.nr_day_profile_active
                                  000057fe         1   unsigned char
      _g_ChildTableClass20.p_calendar_name_passive
                                  00005800         4   [near pointer]
      _g_ChildTableClass20.p_calendar_name_passive_len
                                  00005802         4   [near pointer]
      _g_ChildTableClass20.p_season_profile_passive
                                  00005804         4   [near pointer]
      _g_ChildTableClass20.nr_season_profile_passive
                                  00005806         1   unsigned char
      _g_ChildTableClass20.p_week_profile_passive
                                  00005808         4   [near pointer]
      _g_ChildTableClass20.nr_week_profile_passive
                                  0000580a         1   unsigned char
      _g_ChildTableClass20.p_day_profile_passive
                                  0000580c         4   [near pointer]
      _g_ChildTableClass20.nr_day_profile_passive
                                  0000580e         1   unsigned char
      _g_ChildTableClass20.p_activate_calendar_passive
                                  00005810         4   [near pointer]
    }
  _g_ChildTableLengthClass20
                                  00005812         2   data ,g         1
  _g_Class22_billscript
                                  00005814         8   data ,g         1
    struct tag_action_item_t {
                                                   8
      _g_Class22_billscript.script_logical_name
                                  00005814         6   unsigned char
      _g_Class22_billscript.script_selector
                                  0000581a         2   unsigned short
    }
  _g_Class22_bill_exetime
                                  0000581c         4   data ,g         3
    struct tag_execution_time_date_t {
                                                   4
      _g_Class22_bill_exetime.p_time
                                  0000581c         4   [near pointer]
      _g_Class22_bill_exetime.p_date
                                  0000581e         4   [near pointer]
    }
  _g_Class22_billtype
                                  00005820         1   data ,g         1
  _g_ChildTableClass22
                                  00005822        10   data ,g         1
    struct tag_class22_child_record_t {
                                                  10
      _g_ChildTableClass22.logical_name
                                  00005822         6   unsigned char
      _g_ChildTableClass22.p_access_right
                                  00005828         4   [near pointer]
      _g_ChildTableClass22.p_executed_script
                                  0000582a         4   [near pointer]
      _g_ChildTableClass22.p_type
                                  0000582c         4   [near pointer]
      _g_ChildTableClass22.p_execution_time
                                  0000582e         4   [near pointer]
      _g_ChildTableClass22.nr_execution_time
                                  00005830         1   unsigned char
    }
  _g_ChildTableLengthClass22
                                  00005832         2   data ,g         1
  _g_Class23_device_addr
                                  00005834         2   data ,g         1
  _g_Class23_comm_speed
                                  00005836         1   data ,g         1
  _g_Class23_window_size_transmit
                                  00005837         1   data ,g         1
  _g_Class23_window_size_receive
                                  00005838         1   data ,g         1
  _g_Class23_max_info_field_length_transmit
                                  0000583a         2   data ,g         1
  _g_Class23_max_info_field_length_receive
                                  0000583c         2   data ,g         1
  _g_Class23_inter_octet_time_out
                                  0000583e         2   data ,g         1
  _g_Class23_inactivity_time_out
                                  00005840         2   data ,g         1
  _g_ChildTableClass23
                                  00005842        18   data ,g         1
    struct tag_class23_child_record_t {
                                                  18
      _g_ChildTableClass23.logical_name
                                  00005842         6   unsigned char
      _g_ChildTableClass23.p_access_right
                                  00005848         4   [near pointer]
      _g_ChildTableClass23.p_comm_speed
                                  0000584a         4   [near pointer]
      _g_ChildTableClass23.p_window_size_transmit
                                  0000584c         4   [near pointer]
      _g_ChildTableClass23.p_window_size_receive
                                  0000584e         4   [near pointer]
      _g_ChildTableClass23.p_max_info_field_length_transmit
                                  00005850         4   [near pointer]
      _g_ChildTableClass23.p_max_info_field_length_receive
                                  00005852         4   [near pointer]
      _g_ChildTableClass23.p_inter_octet_time_out
                                  00005854         4   [near pointer]
      _g_ChildTableClass23.p_inactivity_time_out
                                  00005856         4   [near pointer]
      _g_ChildTableClass23.p_device_address
                                  00005858         4   [near pointer]
    }
  _g_ChildTableLengthClass23
                                  0000585a         2   data ,g         1
  _g_Class64_obj0_master_key
                                  0000585c        10   data ,g         1
  _g_Class64_obj1_master_key
                                  0000586c        10   data ,g         1
  _g_ChildTableClass64
                                  0000587c        38   data ,g         d
    struct tag_class64_child_record_t {
                                                  1c
      _g_ChildTableClass64.logical_name
                                  0000587c         6   unsigned char
      _g_ChildTableClass64.p_access_right
                                  00005882         4   [near pointer]
      _g_ChildTableClass64.p_security_policy
                                  00005884         4   [near pointer]
      _g_ChildTableClass64.p_security_suit
                                  00005886         4   [near pointer]
      _g_ChildTableClass64.p_client_title
                                  00005888         4   [near pointer]
      _g_ChildTableClass64.p_server_title
                                  0000588a         4   [near pointer]
      _g_ChildTableClass64.p_master_key
                                  0000588c         4   [near pointer]
      _g_ChildTableClass64.p_global_unicast_key
                                  0000588e         4   [near pointer]
      _g_ChildTableClass64.p_global_broadcast_key
                                  00005890         4   [near pointer]
      _g_ChildTableClass64.p_dedicated_unicast_key
                                  00005892         4   [near pointer]
      _g_ChildTableClass64.p_authentication_key
                                  00005894         4   [near pointer]
      _g_ChildTableClass64.p_frame_counter
                                  00005896         4   [near pointer]
    }
  _g_ChildTableLengthClass64
                                  000058b4         2   data ,g         2
FILE=Output\r_dlms_user_interface.obj
                                  000058b6  000058ff        4a
  _g_DayOfWeek
                                  000058b6         7   data ,g         2
FILE=Output\r_dlms_obis.obj
                                  00005900  00005f1d       61e
  _g_MasterTable
                                  00005900       5cc   data ,g        18
    struct tag_master_record_t {
                                                   e
      _g_MasterTable.class_version
                                  00005900         1   unsigned char
      _g_MasterTable.number_attrs
                                  00005901         1   unsigned char
      _g_MasterTable.number_methods
                                  00005902         1   unsigned char
      _g_MasterTable.fp_distributor
                                  00005904         4   [far pointer]
      _g_MasterTable.child_list_size
                                  00005908         4   [near pointer]
      _g_MasterTable.child_list_pointer
                                  0000590a         4   [near pointer]
      _g_MasterTable.child_item_size
                                  0000590c         2   unsigned short
    }
  _g_TotalMasterTableElements
                                  00005ecc         2   data ,g         6
FILE=Output\r_dlms_obis_ic.obj
                                  00005f1e  0000600b        ee
  _MaxReceivePduSize@5@R_OBIS_DistributeAssociationLNClass
                                  00005f26         2   data ,l         2
  _MaxSendPduSize@6@R_OBIS_DistributeAssociationLNClass
                                  00005f28         2   data ,l         2
FILE=Output\DLMS_User.obj
                                  0000600c  00006045        3a
  _ServerPhysicalAddress
                                  0000600c         4   data ,g         1
  _DeviceAddress
                                  00006010         7   data ,g         1
  _ManufacturerID
                                  00006017         4   data ,g         1
  _ID
                                  0000601b         4   data ,g         1
  _UserServerConfig
                                  00006020        26   data ,g         1
    struct  {
                                                  26
      _UserServerConfig.Channel_info
                                  00006020         4   [near pointer]
      _UserServerConfig.SerialInit_FuncPtr
                                  00006022         4   [far pointer]
      _UserServerConfig.SerialConfig_FuncPtr
                                  00006026         4   [far pointer]
      _UserServerConfig.SerialTx_FuncPtr
                                  0000602a         4   [far pointer]
      _UserServerConfig.Server_Buffer
                                  0000602e         4   [near pointer]
      _UserServerConfig.ServerPhysicalAddress
                                  00006030         4   [near pointer]
      _UserServerConfig.DeviceAddress
                                  00006032         4   [near pointer]
      _UserServerConfig.ManufacturerID
                                  00006034         4   [near pointer]
      _UserServerConfig.ID
                                  00006036         4   [near pointer]
      _UserServerConfig.Server_BufferSize
                                  00006038         2   unsigned short
      _UserServerConfig.Response_Timeout
                                  0000603a         2   unsigned short
      _UserServerConfig.Inactivity_Timeout
                                  0000603c         2   unsigned short
      _UserServerConfig.Interframe_Timeout
                                  0000603e         2   unsigned short
      _UserServerConfig.Channel_maxcount
                                  00006040         1   unsigned char
      _UserServerConfig.AdressByteMode
                                  00006041         1   unsigned char
      _UserServerConfig.IEC_BaudRate
                                  00006042         1   unsigned char
      _UserServerConfig.HDLC_BaudRate
                                  00006043         1   unsigned char
      _UserServerConfig.Windows_size
                                  00006044         1   unsigned char
      _UserServerConfig.dummy
                                  00006045         1   unsigned char
    }
FILE=Output\AppTampers.obj
                                  00006046  00006073        2e
  _dlmsEventCode
                                  00006046        16   data ,g         1
  _EventCountIndex
                                  0000605c         b   data ,g         8
  _EventLen
                                  00006067         4   data ,g         9
  _startAdd
                                  0000606c         8   data ,g         2
FILE=Output\AppNMTask.obj
                                  00006074  00006077         4
  _nmgbltotaldays
                                  00006074         4   data ,g         3
FILE=Output\dDCImmunity.obj
                                  00006078  0000608f        18
  _dcTargetRange
                                  00006078         c   data ,g         1
  _dcInputRange
                                  00006084         c   data ,g         3
FILE=aes
                                  00006090  0000638e       2ff
  _sbox@4
                                  00006090       100   data ,l         1
  _rsbox@5
                                  00006190       100   data ,l         1
  _Rcon@6
                                  00006290        ff   data ,l         1
FILE=DLMS_Wrapper
                                  00006390  000063be        2f
  _DLMSVersion
                                  00006390         7   data ,g         0
  _DLMSInfo
                                  00006397        28   data ,g         0
FILE=fcs
                                  000063c0  000065bf       200
  _fcstab
                                  000063c0       200   data ,g         2

SECTION=.text
FILE=Output\cstart.obj
                                  000065c0  00006619        5a
  _start
                                  000065c0         0   none ,g         0
  _exit
                                  00006618         0   none ,g         1
FILE=Output\d8bitTimer.obj
                                  0000661a  00006657        3e
  _Interrupt_16BIT_TIMER0@1
                                  0000661a        27   func ,l         0
  _Interrupt_16BIT_TIMER1@1
                                  00006641        17   func ,l         0
FILE=Output\dRtc.obj
                                  00006658  0000666d        16
  _Interrupt_RTC_SECOND@1
                                  00006658        16   func ,l         0
FILE=Output\di2c.obj
                                  0000666e  00006697        2a
  _r_iica0_interrupt@1
                                  0000666e        2a   func ,l         0
FILE=Output\dIOCtrl.obj
                                  00006698  000066bd        26
  _Interrupt_mains_supply@1
                                  00006698         2   func ,l         0
  _Interrupt_Push_Button@1
                                  0000669a        22   func ,l         0
  _Interrupt_Cover_Switch@1
                                  000066bc         2   func ,l         0
FILE=Output\dUart.obj
                                  000066be  000067f7       13a
  _UART0_Interrupt_Receive@1
                                  000066be       112   func ,l         0
  _UART0_Interrupt_Send@1
                                  000067d0         5   func ,l         0
  _UART2_Interrupt_Receive@1
                                  000067d5        1e   func ,l         0
  _UART2_Interrupt_Send@1
                                  000067f3         5   func ,l         0
FILE=Output\d12bitTimer.obj
                                  000067f8  00006967       170
  _Interrupt_12BIT_TIMER@1
                                  000067f8       170   func ,l         0
FILE=Output\dDeltaSigmaADC.obj
                                  00006968  00006e24       4bd
  _Interrupt_DSAD@1
                                  00006968       4bd   func ,l         0
FILE=Output\dLVD.obj
                                  00006e25  00006e28         4
  _Interrupt_LVD@1
                                  00006e25         4   func ,l         0
FILE=Output\dOsd.obj
                                  00006e29  00006e37         f
  _Interrupt_OSD@1
                                  00006e29         f   func ,l         0
FILE=Output\dSARAdc.obj
                                  00006e38  00006e39         2
  _r_SAR_ADC_interrupt@1
                                  00006e38         2   func ,l         0

SECTION=.RLIB
FILE=memcpy
                                  00006e3a  00006e4a        11
  _memcpy
                                  00006e3a         0   none ,g        21
FILE=memset
                                  00006e4b  00006e58         e
  _memset
                                  00006e4b         0   none ,g         a
FILE=_COM_ftosl
                                  00006e59  00006e60         8
  __COM_ftosl
                                  00006e59         0   none ,g         1
FILE=_COM_ftoul
                                  00006e61  00006e6c         c
  __COM_ftoul
                                  00006e61         0   none ,g         8
FILE=_COM_llmul
                                  00006e6d  00006eb6        4a
  __COM_llmul
                                  00006e6d         0   none ,g         3
  __REL_llmul_addh
                                  00006ea5         0   none ,g         2
FILE=_COM_lshr
                                  00006eb7  00006ed7        21
  __COM_lshr
                                  00006ec1         0   none ,g         2
FILE=_COM_sidiv
                                  00006ed8  00006ef9        22
  __COM_sidiv
                                  00006eda         0   none ,g         1
FILE=_COM_sirem
                                  00006efa  00006f19        20
  __COM_sirem
                                  00006efa         0   none ,g         3
FILE=_COM_sldiv
                                  00006f1a  00006f68        4f
  __COM_sldiv
                                  00006f1f         0   none ,g        1c
FILE=_COM_slldiv
                                  00006f69  00006fbb        53
  __COM_slldiv
                                  00006f69         0   none ,g         2
FILE=_COM_sltof
                                  00006fbc  00006fd3        18
  __COM_sltof
                                  00006fbc         0   none ,g         1
FILE=_COM_ulldiv
                                  00006fd4  00006ffd        2a
  __COM_ulldiv
                                  00006fd4         0   none ,g         9
FILE=_COM_ulltof
                                  00006ffe  00007009         c
  __COM_ulltof
                                  00006ffe         0   none ,g         7
FILE=_COM_fmul
                                  0000700a  000070f6        ed
  __COM_fmul
                                  00007055         0   none ,g         2
FILE=_COM_lmul
                                  000070f7  00007111        1b
  __COM_lmul
                                  000070f7         0   none ,g         2
FILE=_COM_mulul
                                  00007112  0000716e        5d
  __COM_mulul
                                  00007112         0   none ,g         1
FILE=_REL_ftol
                                  0000716f  000071a3        35
  __REL_ftol
                                  0000716f         0   none ,g         2
FILE=_REL_lldiv
                                  000071a4  000073aa       207
  __REL_lldiv
                                  000071c0         0   none ,g         2
FILE=_REL_llrev
                                  000073ab  000073ca        20
  __REL_llrev
                                  000073ab         0   none ,g         3
FILE=_REL_lltof
                                  000073cb  00007427        5d
  __REL_lltof
                                  000073cb         0   none ,g         1
FILE=_REL_ltof
                                  00007428  00007471        4a
  __REL_ltof
                                  00007428         0   none ,g         1
FILE=_REL_ltosl
                                  00007472  00007496        25
  __REL_ltosl
                                  00007472         0   none ,g         1
FILE=_COM_mului
                                  00007497  0000749a         4
  __COM_mului
                                  00007497         0   none ,g         4
FILE=_REL_f_inf
                                  0000749b  000074a2         8
  __REL_f_inf
                                  0000749b         0   none ,g         2
FILE=_REL_f_norm
                                  000074a3  000074b2        10
  __REL_f_norm
                                  000074a3         0   none ,g         1
FILE=_REL_f_round
                                  000074b3  000074c5        13
  __REL_f_round
                                  000074b3         0   none ,g         1
FILE=_REL_setexp_ll
                                  000074c6  0000750f        4a
  __REL_setexp_ll
                                  000074c6         0   none ,g         1

SECTION=.SLIB
FILE=fabsf
                                  00007510  00007528        19
  _fabsf
                                  00007510         0   none ,g         1
FILE=memcmp
                                  00007529  0000753a        12
  _memcmp
                                  00007529         0   none ,g         1
FILE=sqrtf
                                  0000753b  00007760       226
  _sqrtf
                                  0000753b       1fa   func ,g         9
  __CommonCode@2
                                  00007735         1   func ,l         2
  __CommonCode@3
                                  00007736         4   func ,l         3
  __CommonCode@1
                                  0000773a         9   func ,l         2
  __CommonCode@0
                                  00007743        1e   func ,l         3
FILE=strlen
                                  00007761  0000776b         b
  _strlen
                                  00007761         0   none ,g        13

SECTION=.textf
FILE=Output\dMisc.obj
                                  0000776c  000077c3        58
  _NOP_CYCLES
                                  0000776c        12   func ,g         1
  _MCU_Delay
                                  0000777e        46   func ,g        10
FILE=Output\hdwinit.obj
                                  000077c4  000077c4         1
  _hdwinit
                                  000077c4         0   none ,g         1
FILE=Output\stkinit.obj
                                  000077c5  00007808        44
  _stkinit
                                  000077c5         0   none ,g         1
  LSTINIT1
                                  000077d3         0   none ,l         1
  LSTINIT2
                                  000077fd         0   none ,l         2
  LSTINIT3
                                  00007808         0   none ,l         2
FILE=Output\main.obj
                                  00007809  00007a2b       223
  _main
                                  00007809       20d   func ,g         1
  _prepareLowPower
                                  00007a16        16   func ,g         1
FILE=Output\dDisplay.obj
                                  00007a2c  00007afb        d0
  _init_Lcd
                                  00007a2c        76   func ,g         1
  _R_LCD_Start
                                  00007aa2         4   func ,g         1
  _R_LCD_Stop
                                  00007aa6         4   func ,g         0
  _R_LCD_Set_VoltageOn
                                  00007aaa        33   func ,g         1
  _R_LCD_Set_VoltageOff
                                  00007add         e   func ,g         0
  _R_LCD_PowerOff
                                  00007aeb         a   func ,g         3
  _R_LCD_PowerOn
                                  00007af5         7   func ,g         5
FILE=Output\AppDisplay.obj
                                  00007afc  00008e36      133b
  _Display
                                  00007afc       e1b   func ,g         9
  _Clear_Lcd
                                  00008917        24   func ,g         2
  _PushButton
                                  0000893b        24   func ,g         1
  _setParaBuff
                                  0000895f        42   func ,g         d
  _setParamIndex
                                  000089a1        4e   func ,g         e
  _CheckParaTimeOut
                                  000089ef       106   func ,g         1
  _siwitch2Auto
                                  00008af5        3f   func ,g         1
  _setNextParaSeq
                                  00008b34        fd   func ,g         2
  _getParamTime
                                  00008c31        14   func ,g         1
  _getParaCount
                                  00008c45         9   func ,g         2
  _getMeterSerial
                                  00008c4e       169   func ,g         5
  _getPdPointer
                                  00008db7        26   func ,g         1
  _getNextZoneReg
                                  00008ddd        56   func ,g         4
  _movebackLock
                                  00008e33         4   func ,g         1
FILE=Output\dClock.obj
                                  00008e37  00008ea9        73
  _setClock
                                  00008e37        73   func ,g         1
FILE=Output\AppPowerOnInit.obj
                                  00008eaa  000093e8       53f
  _init_poweron
                                  00008eaa        28   func ,g         1
  _init_device_hw
                                  00008ed2        af   func ,g         1
  _init_app_data
                                  00008f81       292   func ,g         1
  _getTODEnergy@1
                                  00009213        97   func ,l         4
  _UpdateEnergy@1
                                  000092aa        61   func ,l         2
  _noResetInit
                                  0000930b        65   func ,g         1
  _CheckCurrentLimitNm
                                  00009370        59   func ,g         4
  _clearPoweronPulse@1
                                  000093c9        20   func ,l         2
FILE=Output\d8bitTimer.obj
                                  000093e9  00009574       18c
  _init_Timer8bit0
                                  000093e9        1a   func ,g         1
  _init_Timer8bit1
                                  00009403        18   func ,g         3
  _start_Timer8bit0
                                  0000941b        26   func ,g         b
  _start_Timer8bit1
                                  00009441        25   func ,g         2
  _stop_Timer8bit0
                                  00009466        26   func ,g         2
  _stop_Timer8bit1
                                  0000948c        26   func ,g         2
  _updatePulse
                                  000094b2        c3   func ,g         1
FILE=Output\dRtc.obj
                                  00009575  00009abc       548
  _init_Rtc
                                  00009575       128   func ,g         3
  _start_RTC_Second_Interrupt
                                  0000969d         4   func ,g         1
  _stop_RTC_Second_Interrupt
                                  000096a1         4   func ,g         1
  _getRtcCounter
                                  000096a5       17c   func ,g         e
  _Rtc_SetCounterValue
                                  00009821       175   func ,g         4
  _reEnable32KCrystal
                                  00009996        44   func ,g         2
  _validateRCR1
                                  000099da        35   func ,g         1
  _validateRCR2
                                  00009a0f        ae   func ,g         1
FILE=Output\AppMisc.obj
                                  00009abd  0000a4e2       a26
  _ConvertTimeCounterToTime
                                  00009abd       2f7   func ,g         9
  _ConvertTimeToTimeCounter
                                  00009db4       1fb   func ,g         8
  _Crc_Cal
                                  00009faf        63   func ,g        12
  _SaveEEPROM
                                  0000a012       105   func ,g        16
  _makeByte
                                  0000a117        49   func ,g        22
  _getByteValue
[...]
                                          0079(0001ec17:.textf)
                                          0080(0001ee07:.textf)
                 _DataLinkReceiveByte
                                 0001e6d4 0060(0001dd91:.textf)
                 _DataLinkHDLCDecode
                                 0001e7a2 0054(0001c56c:.textf)
                 _DataLinkValidation
                                 0001e976 0079(0001eb52:.textf)
                                          0079(0001ebba:.textf)
                                          0079(0001ec1a:.textf)
                                          0079(0001ec26:.textf)
                                          0079(0001ec71:.textf)
                 _DataLinkHDLCEncodeBegin
                                 0001ea3e 0079(0001eb78:.textf)
                                          0079(0001ebd2:.textf)
                                          0079(0001ec64:.textf)
                                          0079(0001ecee:.textf)
                 _DataLinkHDLCEncodeEnd
                                 0001eac1 0079(0001eb8c:.textf)
                                          0079(0001ebf7:.textf)
                                          0079(0001ecd0:.textf)
                 _DataLinkConnectionRequest
                                 0001eb50 0054(0001c5ff:.textf)
                 _DataLinkConnectionRespond
                                 0001eb6a 0054(0001c633:.textf)
                 _DataLinkDisConnectionRequest
                                 0001ebb9 0054(0001c615:.textf)
                 _DataLinkDisConnectionRespond
                                 0001ebc4 0054(0001c593:.textf)
                                          0054(0001c620:.textf)
                 _DataLinkUIRecieved
                                 0001ec19 0054(0001c628:.textf)
                                          0054(0001c63b:.textf)
                 _DataLinkInfoRecieved
                                 0001ec24 0054(0001c65b:.textf)
                 _DataLinkInfoResponse
                                 0001ec3e 0054(0001c66d:.textf)
                 _DataLinkRRRecieved
                                 0001ec6f 0054(0001c67a:.textf)
                 _DataLinkRRRespond
                                 0001ec89 0054(0001c68b:.textf)
                 _DataLinkFRMRRespond
                                 0001eca3 0054(0001c6ab:.textf)
                 _DataLinkUIEventNotify
                                 0001ecbd 0054(0001c646:.textf)
                                          0054(0001c655:.textf)
                                          0054(0001c685:.textf)
                 _DatalinkMemCopy
                                 0001ecc0 0057(0001d5a9:.textf)
                                          0057(0001d5ba:.textf)
                                          0057(0001d7fb:.textf)
                                          0057(0001d82a:.textf)
                                          0057(0001d863:.textf)
                                          0057(0001d898:.textf)
                                          0057(0001d8b2:.textf)
                                          0057(0001d993:.textf)
                                          0057(0001d9a2:.textf)
                                          0057(0001d9a9:.textf)
                                          0057(0001d9c5:.textf)
                                          0057(0001d9cf:.textf)
                                          0057(0001d9e1:.textf)
                                          0057(0001d9fb:.textf)
                                          0057(0001da23:.textf)
                                          0057(0001da34:.textf)
                                          0078(0001dee1:.textf)
                                          0078(0001def5:.textf)
                                          0078(0001df1d:.textf)
                                          0078(0001df53:.textf)
                                          0078(0001df67:.textf)
                                          0078(0001e0be:.textf)
                                          0078(0001e104:.textf)
                                          0078(0001e15c:.textf)
                                          0078(0001e18d:.textf)
                                          0078(0001e20f:.textf)
                                          0078(0001e21e:.textf)
                                          0078(0001e260:.textf)
                                          0078(0001e29b:.textf)
                                          0078(0001e399:.textf)
                                          0078(0001e3dd:.textf)
                                          0078(0001e4cb:.textf)
                                          0078(0001e631:.textf)
                                          0078(0001e63f:.textf)
                                          0078(0001e67d:.textf)
                                          0078(0001e68b:.textf)
                                          0081(0001ef64:.textf)
                                          0081(0001efa5:.textf)
                                          0082(0001efd8:.textf)
                                          0094(0001f444:.textf)
                                          0094(0001f46a:.textf)
                                          0094(0001f55f:.textf)
                                          0095(0001f580:.textf)
     SECTION=.bss
                 _HDLC_FrameOutput
                                 000ffb8a 0079(0001ea41:.textf)
                                          0079(0001ea4a:.textf)
                                          0079(0001ea4d:.textf)
                                          0079(0001ea53:.textf)
                                          0079(0001ea59:.textf)
                                          0079(0001ea65:.textf)
                                          0079(0001ea7d:.textf)
                                          0079(0001ea88:.textf)
                                          0079(0001eab0:.textf)
                                          0079(0001eab4:.textf)
                                          0079(0001eabb:.textf)
                                          0079(0001eabe:.textf)
                                          0079(0001eb7d:.textf)
                                          0079(0001eb89:.textf)
                                          0079(0001ebdf:.textf)
                                          0079(0001ebeb:.textf)
                                          0079(0001ebf4:.textf)
                                          0079(0001ec49:.textf)
                                          0079(0001ec91:.textf)
                                          0079(0001ecab:.textf)
                                          0079(0001eccd:.textf)
                                          0079(0001ed20:.textf)
                 _FRMR_Response
                                 000ffb98 0079(0001e8ed:.textf)
                                          0079(0001e8f0:.textf)
                                          0079(0001e932:.textf)
                                          0079(0001e935:.textf)
                                          0095(0001f57d:.textf)
0080 Datalink_Timeout
     SECTION=.textf
                 _DataLinkTimeoutInit
                                 0001ed31 0079(0001e6d1:.textf)
                 _DataLinkTimeoutCount
                                 0001ed71 0060(0001ddbd:.textf)
                 _DataLinkTimeoutResponseSTART
                                 0001ee5a
                 _DataLinkTimeoutResponseRESET
                                 0001ee69 0080(0001ed64:.textf)
                 _DataLinkTimeoutResponseSTOP
                                 0001ee71 0080(0001ed55:.textf)
                 _DataLinkTimeoutInterFrameSTART
                                 0001ee77 0079(0001e6ff:.textf)
                 _DataLinkTimeoutInterFrameRESET
                                 0001ee86 0079(0001e6e4:.textf)
                                          0079(0001e76d:.textf)
                                          0080(0001ed6f:.textf)
                                          0080(0001edf8:.textf)
                                          0080(0001ee3b:.textf)
                 _DataLinkTimeoutInterFrameSTOP
                                 0001ee8e 0079(0001e773:.textf)
                                          0080(0001ed5f:.textf)
                                          0080(0001eec7:.textf)
                 _DataLinkTimeoutInactivitySTART
                                 0001ee94 0054(0001c5f9:.textf)
                                          0079(0001e798:.textf)
                                          0079(0001eb42:.textf)
                                          0079(0001ebb3:.textf)
                 _DataLinkTimeoutInactivityRESET
                                 0001eea3 0054(0001c5f1:.textf)
                                          0079(0001e6ea:.textf)
                                          0079(0001e790:.textf)
                                          0080(0001ed69:.textf)
                                          0080(0001edf1:.textf)
                 _DataLinkTimeoutInactivitySTOP
                                 0001eeab 0079(0001e705:.textf)
                                          0080(0001ed5a:.textf)
                                          0080(0001edff:.textf)
0081 ActionService
     SECTION=.textf
                 _ResetActionAsyncService
                                 0001eee8
                 _DecodeActionRequestNormal
                                 0001eee9 0055(0001c91d:.textf)
                 _DecodeActionRequestNextPBlk
                                 0001ef3b 0055(0001c924:.textf)
                 _DecodeActionRequestWithList
                                 0001ef3c 0055(0001c92b:.textf)
                 _DecodeActionRequestWithFirstBlk
                                 0001ef3d 0055(0001c932:.textf)
                 _DecodeActionRequestListFirstBlk
                                 0001ef3e 0055(0001c939:.textf)
                 _DecodeActionRequestWithPBlk
                                 0001ef3f 0055(0001c940:.textf)
                 _DecodeActionRequestFail
                                 0001ef40 0055(0001c916:.textf)
                 _EncodeActionResponseNormal
                                 0001ef41 0055(0001c990:.textf)
                 _EncodeActionResponseWithPBlk
                                 0001ef9c 0055(0001c97b:.textf)
                 _EncodeActionResponseNextPBlk
                                 0001ef9e 0055(0001c989:.textf)
                 _EncodeActionResponseWithList
                                 0001efa0 0055(0001c982:.textf)
                 _EncodeActionResponseFail
                                 0001efa2 0055(0001c974:.textf)
     SECTION=.bss
                 _Action_Req_Normal
                                 000ffb9c 0081(0001eeed:.textf)
                                          0081(0001eefc:.textf)
                                          0081(0001ef15:.textf)
                                          0081(0001ef31:.textf)
                 _ActionResponseNormal
                                 000ffbaa 0081(0001ef18:.textf)
                                          0081(0001ef36:.textf)
                                          0081(0001ef55:.textf)
                                          0081(0001ef61:.textf)
                 _Action_Data_Pointer
                                 000ffbae 0081(0001ef48:.textf)
                                          0081(0001ef68:.textf)
                                          0081(0001ef83:.textf)
0082 EventService
     SECTION=.textf
                 _EncodeEventNotificationRequest
                                 0001efab 0055(0001c9d2:.textf)
0083 errno
     SECTION=.dataR
                 _errno
                                 000fe34e 0061(00007525:.SLIB)
                                          0063(000075a0:.SLIB)
                                          0063(000075a8:.SLIB)
     SECTION=.data
0084 _COM_fmul
     SECTION=.RLIB
                 __COM_fmul
                                 00007055 0063(00007578:.SLIB)
                                          0063(00007589:.SLIB)
0085 _COM_lmul
     SECTION=.RLIB
                 __COM_lmul
                                 000070f7 0069(00006e86:.RLIB)
                                          0069(00006e9b:.RLIB)
0086 _COM_mulul
     SECTION=.RLIB
                 __COM_mulul
                                 00007112 0069(00006e7d:.RLIB)
0087 _REL_ftol
     SECTION=.RLIB
                 __REL_ftol
                                 0000716f 0067(00006e5a:.RLIB)
                                          0068(00006e67:.RLIB)
0088 _REL_lldiv
     SECTION=.RLIB
                 __REL_lldiv
                                 000071c0 0074(00006fb0:.RLIB)
                                          0076(00006ffb:.RLIB)
0089 _REL_llrev
     SECTION=.RLIB
                 __REL_llrev
                                 000073ab 0074(00006f95:.RLIB)
                                          0074(00006fa5:.RLIB)
                                          0074(00006fb8:.RLIB)
0090 _REL_lltof
     SECTION=.RLIB
                 __REL_lltof
                                 000073cb 0077(00007007:.RLIB)
0091 _REL_ltof
     SECTION=.RLIB
                 __REL_ltof
                                 00007428 0075(00006fd1:.RLIB)
0092 _REL_ltosl
     SECTION=.RLIB
                 __REL_ltosl
                                 00007472 0067(00006e5e:.RLIB)
0093 SNRM_UA
     SECTION=.textf
                 _DataLinkSNRMdecode
                                 0001efe7 0079(0001eb5a:.textf)
                 _DataLinkUAencode
                                 0001f0fa 0079(0001eb80:.textf)
                                          0079(0001ebe2:.textf)
                 _DataLinkDMencode
                                 0001f21c 0079(0001ebee:.textf)
0094 IFRAME
     SECTION=.textf
                 _DataLinkSegmentClear
                                 0001f231 0079(0001e6c4:.textf)
                                          0094(0001f314:.textf)
                 _DataLinkIFrameDecode
                                 0001f25b 0079(0001ec2e:.textf)
                 _IFrameDataDecode
                                 0001f336 0094(0001f2f9:.textf)
                 _DataLinkIFrameEncode
                                 0001f3af 0079(0001ec4c:.textf)
                 _IFrameDataEncode
                                 0001f487 0094(0001f3c9:.textf)
                 _DataLinkRRDecode
                                 0001f4e5 0079(0001ec79:.textf)
                 _DataLinkRREncode
                                 0001f50f 0079(0001ec94:.textf)
0095 FRMR
     SECTION=.textf
                 _DataLinkFRMRencode
                                 0001f563 0079(0001ecae:.textf)
0096 fcs
     SECTION=.const
                 _fcstab
                                 000063c0 0096(0001f5b9:.textf)
                                          0096(0001f5c5:.textf)
     SECTION=.textf
                 _CalcFcs
                                 0001f58f 0079(0001ed0f:.textf)
                                          0079(0001ed27:.textf)
     SECTION=.bss
                 _current
                                 000ffbb0 0096(0001f59b:.textf)
                                          0096(0001f5d4:.textf)
                                          0096(0001f5e3:.textf)
                 _test
                                 000ffbb2 0096(0001f594:.textf)
                 _test2
                                 000ffbb4 0096(0001f5b0:.textf)
                 _test3
                                 000ffbb6 0096(0001f5bc:.textf)
0097 _COM_mului
     SECTION=.RLIB
                 __COM_mului
                                 00007497 0086(00007118:.RLIB)
                                          0086(00007127:.RLIB)
                                          0086(0000713d:.RLIB)
                                          0086(0000715a:.RLIB)
0098 _REL_f_inf
     SECTION=.RLIB
                 __REL_f_inf
                                 0000749b 0084(00007027:.RLIB)
                                          0084(000070ca:.RLIB)
0099 _REL_f_norm
     SECTION=.RLIB
                 __REL_f_norm
                                 000074a3 0084(00007048:.RLIB)
0100 _REL_f_round
     SECTION=.RLIB
                 __REL_f_round
                                 000074b3 0084(000070d7:.RLIB)
0101 _REL_setexp_ll
     SECTION=.RLIB
                 __REL_setexp_ll
                                 000074c6 0090(000073e1:.RLIB)
0102 rlink_generates_01
     SECTION=.option_byte
0103 rlink_generates_02
     SECTION=.monitor1
     SECTION=.monitor2
0104 rlink_generates_03
     SECTION=.security_id
0105 rlink_generates_04
     SECTION=.vect
0106 rlink_generates_05
     SECTION=
                 __s.vect
                                 00000000
                 __e.vect
                                 00000080
                 __s.option_byte
                                 000000c0
                 __e.option_byte
                                 000000c4
                 __s.security_id
                                 000000c4
                 __s.monitor1
                                 000000ce
                 __e.security_id
                                 000000ce
                 __e.monitor1
                                 000000d8
                 __sDEFAULT_SET_AT400
                                 00000400
                 __eDEFAULT_SET_AT400
                                 00000529
                 __sBOOT_VTABLE_AT1000
                                 00001000
                 __s.const
                                 00003000
                 __eBOOT_VTABLE_AT1000
                                 00003000
                 __s.text
                                 000065c0
                 __e.const
                                 000065c0
                 __e.text
                                 00006e3a
                 __s.RLIB
                                 00006e3a
                 __e.RLIB
                                 00007510
                 __s.SLIB
                                 00007510
                 __s.textf
                                 0000776c
                 __e.SLIB
                                 0000776c
                 __e.textf
                                 0001f5e8
                 __s.constf
                                 0001f5e8
                 __e.constf
                                 0001f5e8
                 __s.data
                                 0001f5e8
                 __e.data
                                 0001fa38
                 __s.sdata
                                 0001fa38
                 __e.sdata
                                 0001fa38
                 __s.monitor2
                                 0001fe00
                 __e.monitor2
                                 00020000
                 __s.dataR
                                 000fdf00
                 __RAM_ADDR_START
                                 000fdf00
                 __s.bss
                                 000fe350
                 __e.dataR
                                 000fe350
                 __e.bss
                                 000ffbb8
                 __STACK_ADDR_END
                                 000ffbb8 0002(000065c5:.text)
                 __s.sbss
                                 000ffe20
                 __e.sbss
                                 000ffe20
                 __s.sdataR
                                 000ffe20
                 __e.sdataR
                                 000ffe20
                 __STACK_ADDR_START
                                 000ffe20 0002(000065c2:.text)
                 __RAM_ADDR_END
                                 000ffee0
